2026-08-22 13:51:48 | File: bb-lulu-2.jpeg | Inference: 0.398s
2026-08-22 13:51:49 | File: bb-lulu-1.jpeg | Inference: 0.377s
2026-08-22 13:51:50 | File: 2p-2c-kitchen.jpeg | Inference: 0.378s
2026-08-22 13:51:51 | File: 2p-2c-LR.jpeg | Inference: 0.382s
2026-08-22 13:51:52 | File: 2-cats-IR.png | Inference: 0.379s
2026-08-22 13:51:52 | File: 1-cat-IR-2.png | Inference: 0.380s
2026-08-22 13:51:52 | File: 1-cat-IR.png | Inference: 0.378s
2026-08-22 13:51:53 | File: 1p-2c-LR.jpeg | Inference: 0.381s
2026-08-22 13:51:54 | File: 2p-2c-hall.jpeg | Inference: 0.383s
2026-08-22 13:53:07 | File: bb-lulu-2.jpeg | Inference: 0.402s
2026-08-22 13:53:08 | File: bb-lulu-1.jpeg | Inference: 0.380s
2026-08-22 13:53:09 | File: 2p-2c-kitchen.jpeg | Inference: 0.379s
2026-08-22 13:53:09 | File: 2p-2c-LR.jpeg | Inference: 0.379s
2026-08-22 13:53:10 | File: 2-cats-IR.png | Inference: 0.379s
2026-08-22 13:53:10 | File: 1-cat-IR-2.png | Inference: 0.383s
2026-08-22 13:53:11 | File: 1-cat-IR.png | Inference: 0.380s
2026-08-22 13:53:12 | File: 1p-2c-LR.jpeg | Inference: 0.383s
2026-08-22 13:53:13 | File: 2p-2c-hall.jpeg | Inference: 0.384s
2026-08-22 13:54:01 | File: bb-lulu-2.jpeg | Inference: 0.399s
2026-08-22 13:54:02 | File: bb-lulu-1.jpeg | Inference: 0.383s
2026-08-22 13:54:03 | File: 2p-2c-kitchen.jpeg | Inference: 0.386s
2026-08-22 13:54:04 | File: 2p-2c-LR.jpeg | Inference: 0.378s
2026-08-22 13:54:05 | File: 2-cats-IR.png | Inference: 0.381s
2026-08-22 13:54:05 | File: 1-cat-IR-2.png | Inference: 0.377s
2026-08-22 13:54:05 | File: 1-cat-IR.png | Inference: 0.380s
2026-08-22 13:54:06 | File: 1p-2c-LR.jpeg | Inference: 0.379s
2026-08-22 13:54:07 | File: 2p-2c-hall.jpeg | Inference: 0.379s
2026-08-22 13:57:55 | File: bb-lulu-2.jpeg | Inference: 0.396s
2026-08-22 13:57:56 | File: bb-lulu-1.jpeg | Inference: 0.379s
2026-08-22 13:57:57 | File: 2p-2c-kitchen.jpeg | Inference: 0.381s
2026-08-22 13:57:58 | File: 2p-2c-LR.jpeg | Inference: 0.379s
2026-08-22 13:57:58 | File: 2-cats-IR.png | Inference: 0.380s
2026-08-22 13:57:58 | File: 1-cat-IR-2.png | Inference: 0.385s
2026-08-22 13:57:59 | File: 1-cat-IR.png | Inference: 0.380s
2026-08-22 13:58:00 | File: 1p-2c-LR.jpeg | Inference: 0.380s
2026-08-22 13:58:01 | File: 2p-2c-hall.jpeg | Inference: 0.382s
